// Jest Snapshot v1, https://goo.gl/fbAQLP

exports[`renderss coorectly 1`] = `
<div
  className="App"
>
  <header />
  <Content>
    <Switch>
      <Route
        exact={true}
        path="/"
        render={[Function]}
      />
      <Route
        exact={true}
        path="/basla"
        render={[Function]}
      />
    </Switch>
  </Content>
  <footer />
</div>
`;
